 UEFIDiagTool

 Timestamp is 671bf2d7 (Fri Oct 25 15:34:47 2024)

 Preferred load address is 0000000000000000

 Start         Length     Name                   Class
 0001:00000000 0000168bH .text$mn                CODE
 0002:00000000 00000000H .data                   DATA
 0002:00000000 00000da0H .rdata                  DATA
 0002:00000da0 00000010H .bss                    DATA
 0002:00000db0 00000018H .rdata$voltmd           DATA
 0002:00000dc8 00000088H .rdata$zzzdbg           DATA
 0003:00000000 00000084H .pdata                  DATA
 0004:00000000 00000094H .xdata                  DATA

  Address         Publics by Value              Rva+Base               Lib:Object

 0000:00000000       __AbsoluteZero             0000000000000000     <absolute>
 0000:00000000       __arm64x_extra_rfe_table   0000000000000000     <absolute>
 0000:00000000       __arm64x_extra_rfe_table_size 0000000000000000     <absolute>
 0000:00000000       __arm64x_native_entrypoint 0000000000000000     <absolute>
 0000:00000000       __arm64x_redirection_metadata 0000000000000000     <absolute>
 0000:00000000       __arm64x_redirection_metadata_count 0000000000000000     <absolute>
 0000:00000000       __dynamic_value_reloc_table 0000000000000000     <absolute>
 0000:00000000       __enclave_config           0000000000000000     <absolute>
 0000:00000000       __guard_check_icall_a64n_fptr 0000000000000000     <absolute>
 0000:00000000       __guard_eh_cont_count      0000000000000000     <absolute>
 0000:00000000       __guard_eh_cont_table      0000000000000000     <absolute>
 0000:00000000       __guard_fids_count         0000000000000000     <absolute>
 0000:00000000       __guard_fids_table         0000000000000000     <absolute>
 0000:00000000       __guard_flags              0000000000000000     <absolute>
 0000:00000000       __guard_iat_count          0000000000000000     <absolute>
 0000:00000000       __guard_iat_table          0000000000000000     <absolute>
 0000:00000000       __guard_longjmp_count      0000000000000000     <absolute>
 0000:00000000       __guard_longjmp_table      0000000000000000     <absolute>
 0000:00000000       __hybrid_auxiliary_delayload_iat 0000000000000000     <absolute>
 0000:00000000       __hybrid_auxiliary_delayload_iat_copy 0000000000000000     <absolute>
 0000:00000000       __hybrid_auxiliary_iat     0000000000000000     <absolute>
 0000:00000000       __hybrid_auxiliary_iat_copy 0000000000000000     <absolute>
 0000:00000000       __hybrid_code_map          0000000000000000     <absolute>
 0000:00000000       __hybrid_code_map_count    0000000000000000     <absolute>
 0000:00000000       __hybrid_image_info_bitfield 0000000000000000     <absolute>
 0000:00000000       __x64_code_ranges_to_entry_points 0000000000000000     <absolute>
 0000:00000000       __x64_code_ranges_to_entry_points_count 0000000000000000     <absolute>
 0000:00000000       __ImageBase                0000000000000000     <linker-defined>
 0001:00000000       AllOnesTest                0000000000001000 f   UEFIDiagTool:UEFIDiagTool.obj
 0001:0000008c       AllZerosTest               000000000000108c f   UEFIDiagTool:UEFIDiagTool.obj
 0001:00000118       AlternatingOnesZerosTest   0000000000001118 f   UEFIDiagTool:UEFIDiagTool.obj
 0001:000001a4       RunMemoryTest              00000000000011a4 f   UEFIDiagTool:UEFIDiagTool.obj
 0001:0000043c       UefiMain                   000000000000143c f   UEFIDiagTool:UEFIDiagTool.obj
 0001:0000061c       UnicodeSPrint              000000000000161c f   BasePrintLib:PrintLib.obj
 0001:00000650       BasePrintLibFillBuffer     0000000000001650 f   BasePrintLib:PrintLibInternal.obj
 0001:00000684       BasePrintLibSPrintMarker   0000000000001684 f   BasePrintLib:PrintLibInternal.obj
 0001:00001538       BasePrintLibSPrint         0000000000002538 f   BasePrintLib:PrintLibInternal.obj
 0001:0000155c       InternalPrint              000000000000255c f   UefiLib:UefiLibPrint.obj
 0001:000015f0       Print                      00000000000025f0 f   UefiLib:UefiLibPrint.obj
 0001:00001620       StrnLenS                   0000000000002620 f   BaseLib:SafeString.obj
 0001:0000164c       InternalAllocatePool       000000000000264c f   UefiMemoryAllocationLib:MemoryAllocationLib.obj
 0002:00000000       ??_C@_1EE@LMBGDIGE@?$AA?$AN?$AAA?$AAl?$AAl?$AA?5?$AA1?$AA?8?$AAs?$AA?5?$AAT?$AAe?$AAs?$AAt?$AA?5?$AAf@ 0000000000003000     UEFIDiagTool:UEFIDiagTool.obj
 0002:00000048       ??_C@_1CO@LAMGDCFF@?$AA?$AN?$AAA?$AAl?$AAl?$AA?5?$AA0?$AA?8?$AAs?$AA?5?$AAT?$AAe?$AAs?$AAt?$AA?5?$AAp@ 0000000000003048     UEFIDiagTool:UEFIDiagTool.obj
 0002:00000080       ??_C@_1EE@PGNBDHPH@?$AA?$AN?$AAA?$AAl?$AAl?$AA?5?$AA0?$AA?8?$AAs?$AA?5?$AAT?$AAe?$AAs?$AAt?$AA?5?$AAf@ 0000000000003080     UEFIDiagTool:UEFIDiagTool.obj
 0002:000000d0       ??_C@_1GE@DFCPOJGP@?$AA?$AN?$AAA?$AAl?$AAt?$AAe?$AAr?$AAn?$AAa?$AAt?$AAi?$AAn?$AAg?$AA?5?$AA1?$AA?8@ 00000000000030d0     UEFIDiagTool:UEFIDiagTool.obj
 0002:00000140       ??_C@_1EO@EMGCHJHK@?$AA?$AN?$AAA?$AAl?$AAt?$AAe?$AAr?$AAn?$AAa?$AAt?$AAi?$AAn?$AAg?$AA?5?$AA1?$AA?8@ 0000000000003140     UEFIDiagTool:UEFIDiagTool.obj
 0002:00000190       ??_C@_1FC@BJMMAMAA@?$AA?$AN?$AAA?$AAd?$AAd?$AAr?$AAe?$AAs?$AAs?$AA?5?$AAL?$AAi?$AAn?$AAe?$AA?5?$AAT@ 0000000000003190     UEFIDiagTool:UEFIDiagTool.obj
 0002:000001f0       ??_C@_1FG@MGJFOBAG@?$AA?$AN?$AAB?$AAl?$AAo?$AAc?$AAk?$AA?5?$AAM?$AAo?$AAv?$AAe?$AAm?$AAe?$AAn?$AAt@ 00000000000031f0     UEFIDiagTool:UEFIDiagTool.obj
 0002:00000250       ??_C@_1FI@BKAFAEAP@?$AA?$AN?$AAC?$AAo?$AAn?$AAs?$AAo?$AAl?$AAe?$AA?5?$AAI?$AAn?$AAp?$AAu?$AAt?$AA?5@ 0000000000003250     UEFIDiagTool:UEFIDiagTool.obj
 0002:000002b0       ??_C@_1FC@BOCMCALI@?$AA?$AN?$AAF?$AAa?$AAi?$AAl?$AAe?$AAd?$AA?5?$AAt?$AAo?$AA?5?$AAa?$AAl?$AAl?$AAo@ 00000000000032b0     UEFIDiagTool:UEFIDiagTool.obj
 0002:00000310       ??_C@_1EA@ELDAIEBC@?$AA?$AN?$AA?6?$AAU?$AAE?$AAF?$AAI?$AA?5?$AAM?$AAe?$AAm?$AAo?$AAr?$AAy?$AA?5?$AAD@ 0000000000003310     UEFIDiagTool:UEFIDiagTool.obj
 0002:00000350       ??_C@_1DA@HKMLMNAF@?$AA?$AN?$AAS?$AAe?$AAl?$AAe?$AAc?$AAt?$AA?5?$AAa?$AA?5?$AAt?$AAe?$AAs?$AAt?$AA?5@ 0000000000003350     UEFIDiagTool:UEFIDiagTool.obj
 0002:00000380       ??_C@_1CE@EMDOJPNA@?$AA?$AN?$AA0?$AA?4?$AA?5?$AAA?$AAl?$AAl?$AA?5?$AA0?$AA?8?$AAs?$AA?5?$AAT?$AAe?$AAs@ 0000000000003380     UEFIDiagTool:UEFIDiagTool.obj
 0002:000003a8       ??_C@_1CE@NNLPFKA@?$AA?$AN?$AA1?$AA?4?$AA?5?$AAA?$AAl?$AAl?$AA?5?$AA1?$AA?8?$AAs?$AA?5?$AAT?$AAe?$AAs@ 00000000000033a8     UEFIDiagTool:UEFIDiagTool.obj
 0002:000003d0       ??_C@_1EE@KMMHPIPA@?$AA?$AN?$AA2?$AA?4?$AA?5?$AAA?$AAl?$AAt?$AAe?$AAr?$AAn?$AAa?$AAt?$AAi?$AAn?$AAg@ 00000000000033d0     UEFIDiagTool:UEFIDiagTool.obj
 0002:00000418       ??_C@_1CO@LBFOGNNA@?$AA?$AN?$AA3?$AA?4?$AA?5?$AAA?$AAd?$AAd?$AAr?$AAe?$AAs?$AAs?$AA?5?$AAL?$AAi?$AAn@ 0000000000003418     UEFIDiagTool:UEFIDiagTool.obj
 0002:00000448       ??_C@_1DC@DNLCNFOL@?$AA?$AN?$AA4?$AA?4?$AA?5?$AAB?$AAl?$AAo?$AAc?$AAk?$AA?5?$AAM?$AAo?$AAv?$AAe?$AAm@ 0000000000003448     UEFIDiagTool:UEFIDiagTool.obj
 0002:00000480       ??_C@_1CG@BKCCPNFA@?$AA?$AN?$AA5?$AA?4?$AA?5?$AAR?$AAu?$AAn?$AA?5?$AAA?$AAl?$AAl?$AA?5?$AAT?$AAe?$AAs@ 0000000000003480     UEFIDiagTool:UEFIDiagTool.obj
 0002:000004a8       ??_C@_1CG@OBGLLOLC@?$AA?$AN?$AAP?$AAr?$AAe?$AAs?$AAs?$AA?5?$AAQ?$AA?5?$AAt?$AAo?$AA?5?$AAq?$AAu?$AAi@ 00000000000034a8     UEFIDiagTool:UEFIDiagTool.obj
 0002:000004d0       ??_C@_1DO@NKJKLPOI@?$AA?$AN?$AAF?$AAa?$AAi?$AAl?$AAe?$AAd?$AA?5?$AAt?$AAo?$AA?5?$AAw?$AAa?$AAi?$AAt@ 00000000000034d0     UEFIDiagTool:UEFIDiagTool.obj
 0002:00000510       ??_C@_1DG@MIBIFJMA@?$AA?$AN?$AAF?$AAa?$AAi?$AAl?$AAe?$AAd?$AA?5?$AAt?$AAo?$AA?5?$AAr?$AAe?$AAa?$AAd@ 0000000000003510     UEFIDiagTool:UEFIDiagTool.obj
 0002:00000550       ??_C@_1EO@FJHBDHFM@?$AA?$AN?$AAI?$AAn?$AAv?$AAa?$AAl?$AAi?$AAd?$AA?5?$AAs?$AAe?$AAl?$AAe?$AAc?$AAt@ 0000000000003550     UEFIDiagTool:UEFIDiagTool.obj
 0002:000005a0       ??_C@_1DM@CJIOFMBC@?$AA?$AN?$AAT?$AAe?$AAs?$AAt?$AA?5?$AAf?$AAa?$AAi?$AAl?$AAe?$AAd?$AA?5?$AAw?$AAi@ 00000000000035a0     UEFIDiagTool:UEFIDiagTool.obj
 0002:000005e0       ??_C@_1BO@EPEHHFL@?$AA?$AN?$AAT?$AAe?$AAs?$AAt?$AA?5?$AAp?$AAa?$AAs?$AAs?$AAe?$AAd?$AA?4?$AA?6@ 00000000000035e0     UEFIDiagTool:UEFIDiagTool.obj
 0002:00000600       ??_C@_1EA@IPNOHDII@?$AA?$AN?$AAC?$AAP?$AAU?$AA?5?$AAT?$AAe?$AAs?$AAt?$AA?5?$AAn?$AAo?$AAt?$AA?5?$AAi@ 0000000000003600     UEFIDiagTool:UEFIDiagTool.obj
 0002:00000640       ??_C@_1EA@DKCCPIIL@?$AA?$AN?$AAG?$AAP?$AAU?$AA?5?$AAT?$AAe?$AAs?$AAt?$AA?5?$AAn?$AAo?$AAt?$AA?5?$AAi@ 0000000000003640     UEFIDiagTool:UEFIDiagTool.obj
 0002:00000680       ??_C@_1EI@NOFKJCL@?$AA?$AN?$AAS?$AAt?$AAo?$AAr?$AAa?$AAg?$AAe?$AA?5?$AAT?$AAe?$AAs?$AAt?$AA?5?$AAn@ 0000000000003680     UEFIDiagTool:UEFIDiagTool.obj
 0002:000006c8       ??_C@_1DA@MEDNMJHP@?$AA?$AN?$AAU?$AAE?$AAF?$AAI?$AA?5?$AAD?$AAi?$AAa?$AAg?$AAn?$AAo?$AAs?$AAt?$AAi@ 00000000000036c8     UEFIDiagTool:UEFIDiagTool.obj
 0002:000006f8       ??_C@_1DE@CINLLEPK@?$AA?$AN?$AAS?$AAe?$AAl?$AAe?$AAc?$AAt?$AA?5?$AAa?$AAn?$AA?5?$AAo?$AAp?$AAt?$AAi@ 00000000000036f8     UEFIDiagTool:UEFIDiagTool.obj
 0002:00000730       ??_C@_1CC@NOGANOOF@?$AA?$AN?$AAM?$AA?4?$AA?5?$AAM?$AAe?$AAm?$AAo?$AAr?$AAy?$AA?5?$AAT?$AAe?$AAs?$AAt@ 0000000000003730     UEFIDiagTool:UEFIDiagTool.obj
 0002:00000760       ??_C@_1EA@JBIPEKGI@?$AA?$AN?$AAC?$AA?4?$AA?5?$AAC?$AAP?$AAU?$AA?5?$AAT?$AAe?$AAs?$AAt?$AA?5?$AA?$CI?$AAN@ 0000000000003760     UEFIDiagTool:UEFIDiagTool.obj
 0002:000007a0       ??_C@_1EA@FCCHIODH@?$AA?$AN?$AAG?$AA?4?$AA?5?$AAG?$AAP?$AAU?$AA?5?$AAT?$AAe?$AAs?$AAt?$AA?5?$AA?$CI?$AAN@ 00000000000037a0     UEFIDiagTool:UEFIDiagTool.obj
 0002:000007e0       ??_C@_1EI@BMLLJIMA@?$AA?$AN?$AAS?$AA?4?$AA?5?$AAS?$AAt?$AAo?$AAr?$AAa?$AAg?$AAe?$AA?5?$AAT?$AAe?$AAs@ 00000000000037e0     UEFIDiagTool:UEFIDiagTool.obj
 0002:00000828       ??_C@_1DM@JKDFOOBC@?$AA?$AN?$AAV?$AA?4?$AA?5?$AAV?$AAi?$AAe?$AAw?$AA?5?$AAA?$AAp?$AAp?$AAl?$AAi?$AAc@ 0000000000003828     UEFIDiagTool:UEFIDiagTool.obj
 0002:00000868       ??_C@_1CC@KDAGPCOM@?$AAK?$AAe?$AAy?$AA?5?$AAP?$AAr?$AAe?$AAs?$AAs?$AAe?$AAd?$AA?3?$AA?5?$AA?$CF?$AAc@ 0000000000003868     UEFIDiagTool:UEFIDiagTool.obj
 0002:00000890       ??_C@_1GG@GLEOJHNB@?$AA?$AN?$AAT?$AAh?$AAe?$AA?5?$AAv?$AAe?$AAr?$AAs?$AAi?$AAo?$AAn?$AA?5?$AAo?$AAf@ 0000000000003890     UEFIDiagTool:UEFIDiagTool.obj
 0002:000008f8       ??_C@_1CK@CMNHDENF@?$AA?$AN?$AAI?$AAn?$AAv?$AAa?$AAl?$AAi?$AAd?$AA?5?$AAs?$AAe?$AAl?$AAe?$AAc?$AAt@ 00000000000038f8     UEFIDiagTool:UEFIDiagTool.obj
 0002:00000928       ??_C@_0O@MLOLIMFM@?$DMnull?5string?$DO@ 0000000000003928     BasePrintLib:PrintLibInternal.obj
 0002:00000938       ??_C@_0M@BJJDNPHK@?$DMnull?5guid?$DO@ 0000000000003938     BasePrintLib:PrintLibInternal.obj
 0002:00000948       ??_C@_0DB@PMLHLBMO@?$CF08x?9?$CF04x?9?$CF04x?9?$CF02x?$CF02x?9?$CF02x?$CF02@ 0000000000003948     BasePrintLib:PrintLibInternal.obj
 0002:00000980       ??_C@_0M@LHGBCIKM@?$DMnull?5time?$DO@ 0000000000003980     BasePrintLib:PrintLibInternal.obj
 0002:00000990       ??_C@_0BK@FCPKCIDD@?$CF02d?1?$CF02d?1?$CF04d?5?5?$CF02d?3?$CF02d@ 0000000000003990     BasePrintLib:PrintLibInternal.obj
 0002:000009ac       ??_C@_04JIMNDDED@?$CF08X@  00000000000039ac     BasePrintLib:PrintLibInternal.obj
 0002:000009b4       ??_C@_02PCIJFNDE@?$AN?6@   00000000000039b4     BasePrintLib:PrintLibInternal.obj
 0002:000009b8       ??_C@_01LIIJDEN@?$AN@      00000000000039b8     BasePrintLib:PrintLibInternal.obj
 0002:000009c0       mWarningString             00000000000039c0     BasePrintLib:PrintLibInternal.obj
 0002:00000a90       mErrorString               0000000000003a90     BasePrintLib:PrintLibInternal.obj
 0002:00000d70       mHexStr                    0000000000003d70     BasePrintLib:PrintLibInternal.obj
 0002:00000da0       gBS                        0000000000003da0     UefiBootServicesTableLib:UefiBootServicesTableLib.obj
 0002:00000da8       gST                        0000000000003da8     UefiBootServicesTableLib:UefiBootServicesTableLib.obj
 0002:00000db0       __volatile_metadata        0000000000003db0     <linker-defined>

 entry point at        0001:0000043c

 Static symbols

 0004:00000000       $unwind$AllOnesTest        0000000000005000     UEFIDiagTool:UEFIDiagTool.obj
 0004:00000000       $unwind$AllZerosTest       0000000000005000     UEFIDiagTool:UEFIDiagTool.obj
 0004:00000000       $unwind$AlternatingOnesZerosTest 0000000000005000     UEFIDiagTool:UEFIDiagTool.obj
 0004:00000010       $unwind$RunMemoryTest      0000000000005010     UEFIDiagTool:UEFIDiagTool.obj
 0004:0000002c       $unwind$UefiMain           000000000000502c     UEFIDiagTool:UEFIDiagTool.obj
 0004:00000044       $unwind$UnicodeSPrint      0000000000005044     BasePrintLib:PrintLib.obj
 0004:0000004c       $unwind$BasePrintLibSPrintMarker 000000000000504c     BasePrintLib:PrintLibInternal.obj
 0004:00000068       $unwind$BasePrintLibSPrint 0000000000005068     BasePrintLib:PrintLibInternal.obj
 0004:00000070       $unwind$InternalPrint      0000000000005070     UefiLib:UefiLibPrint.obj
 0004:00000084       $unwind$Print              0000000000005084     UefiLib:UefiLibPrint.obj
 0004:0000008c       $unwind$InternalAllocatePool 000000000000508c     UefiMemoryAllocationLib:MemoryAllocationLib.obj
